[WARNING STA-1212] /home/reefshark/research/agent_os/ic_bcmk/vendor/asap7/lib/NLDM/asap7sc7p5t_SIMPLE_RVT_TT_nldm_211120.lib.gz line 13178, timing group from output port.
[WARNING STA-1212] /home/reefshark/research/agent_os/ic_bcmk/vendor/asap7/lib/NLDM/asap7sc7p5t_SIMPLE_RVT_TT_nldm_211120.lib.gz line 13211, timing group from output port.
[WARNING STA-1212] /home/reefshark/research/agent_os/ic_bcmk/vendor/asap7/lib/NLDM/asap7sc7p5t_SIMPLE_RVT_TT_nldm_211120.lib.gz line 13244, timing group from output port.
[WARNING STA-1212] /home/reefshark/research/agent_os/ic_bcmk/vendor/asap7/lib/NLDM/asap7sc7p5t_SIMPLE_RVT_TT_nldm_211120.lib.gz line 13277, timing group from output port.
[WARNING STA-1212] /home/reefshark/research/agent_os/ic_bcmk/vendor/asap7/lib/NLDM/asap7sc7p5t_SIMPLE_RVT_TT_nldm_211120.lib.gz line 13310, timing group from output port.
[WARNING STA-1212] /home/reefshark/research/agent_os/ic_bcmk/vendor/asap7/lib/NLDM/asap7sc7p5t_SIMPLE_RVT_TT_nldm_211120.lib.gz line 13343, timing group from output port.
[WARNING STA-1212] /home/reefshark/research/agent_os/ic_bcmk/vendor/asap7/lib/NLDM/asap7sc7p5t_SIMPLE_RVT_TT_nldm_211120.lib.gz line 13376, timing group from output port.
[WARNING STA-1212] /home/reefshark/research/agent_os/ic_bcmk/vendor/asap7/lib/NLDM/asap7sc7p5t_SIMPLE_RVT_TT_nldm_211120.lib.gz line 14772, timing group from output port.
[WARNING STA-1212] /home/reefshark/research/agent_os/ic_bcmk/vendor/asap7/lib/NLDM/asap7sc7p5t_SIMPLE_RVT_TT_nldm_211120.lib.gz line 14805, timing group from output port.
[WARNING STA-1212] /home/reefshark/research/agent_os/ic_bcmk/vendor/asap7/lib/NLDM/asap7sc7p5t_SIMPLE_RVT_TT_nldm_211120.lib.gz line 14838, timing group from output port.
Annotated 57895 pin activities.
vcd         57895
unannotated     0
Group                  Internal  Switching    Leakage      Total
                          Power      Power      Power      Power (Watts)
----------------------------------------------------------------
Sequential             2.70e-03   2.89e-05   6.18e-07   2.73e-03  46.8%
Combinational          2.73e-04   4.67e-04   1.43e-06   7.41e-04  12.7%
Clock                  1.40e-03   9.58e-04   1.06e-07   2.36e-03  40.5%
Macro                  0.00e+00   0.00e+00   0.00e+00   0.00e+00   0.0%
Pad                    0.00e+00   0.00e+00   0.00e+00   0.00e+00   0.0%
----------------------------------------------------------------
Total                  4.37e-03   1.45e-03   2.15e-06   5.82e-03 100.0%
                          75.0%      25.0%       0.0%
