
==========================================================================
finish report_tns
--------------------------------------------------------------------------
tns max 0.00

==========================================================================
finish report_wns
--------------------------------------------------------------------------
wns max 0.00

==========================================================================
finish report_worst_slack
--------------------------------------------------------------------------
worst slack max 165.09

==========================================================================
finish report_clock_min_period
--------------------------------------------------------------------------
logic_clk_clock period_min = 795.51 fmax = 1257.05
rx_clk_clock period_min = 834.91 fmax = 1197.74
tx_clk_clock period_min = 696.75 fmax = 1435.23

==========================================================================
finish report_clock_skew
--------------------------------------------------------------------------
Clock logic_clk_clock
 244.03 source latency mac.rx_fifo.fifo_inst.mem.0.0/clk_B ^
-211.75 target latency mac.rx_fifo.fifo_inst.m_axis_pipe_reg[1][26]$_DFFE_PP_/CLK ^
   0.00 CRPR
--------------
  32.28 setup skew

Clock rx_clk_clock
 233.38 source latency mac.eth_mac_1g_inst.axis_gmii_rx_inst.m_axis_tdata_reg[1]$_SDFF_PN0_/CLK ^
-319.59 target latency mac.rx_vlan_admission_inst.vid_high_match_reg[0]$_SDFFE_PP0P_/CLK ^
  -2.96 CRPR
--------------
 -89.18 setup skew

Clock tx_clk_clock
 126.80 source latency mac.tx_fifo.fifo_inst.rd_ptr_reg[1]$_SDFFE_PP0P_/CLK ^
-104.04 target latency mac.tx_fifo.fifo_inst.mem.0.0/clk_B ^
   0.00 CRPR
--------------
  22.75 setup skew


==========================================================================
finish report_checks -path_delay min
--------------------------------------------------------------------------
Startpoint: tx_axis_tuser (input port clocked by logic_clk_clock)
Endpoint: mac.tx_fifo.fifo_inst.mem.0.0
          (rising edge-triggered flip-flop clocked by logic_clk_clock)
Path Group: logic_clk_clock
Path Type: min

Fanout     Cap    Slew   Delay    Time   Description
-----------------------------------------------------------------------------
                          0.00    0.00   clock logic_clk_clock (rise edge)
                          0.00    0.00   clock network delay (propagated)
                        200.00  200.00 ^ input external delay
     1    0.59    0.00    0.00  200.00 ^ tx_axis_tuser (in)
                                         tx_axis_tuser (net)
                  0.15    0.05  200.05 ^ hold1012/A (BUFx2_ASAP7_75t_R)
     1    0.61   10.94   19.51  219.55 ^ hold1012/Y (BUFx2_ASAP7_75t_R)
                                         net1011 (net)
                 10.94    0.08  219.63 ^ input284/A (BUFx2_ASAP7_75t_R)
     3    1.63   18.01   27.27  246.90 ^ input284/Y (BUFx2_ASAP7_75t_R)
                                         net283 (net)
                 18.02    0.22  247.12 ^ place701/A (BUFx3_ASAP7_75t_R)
     2   11.62   67.78   41.32  288.45 ^ place701/Y (BUFx3_ASAP7_75t_R)
                                         net700 (net)
                 64.98   18.38  306.82 ^ mac.tx_fifo.fifo_inst.mem.0.0/wd_in_A[9] (fakeram7_tdp_4096x32)
                                306.82   data arrival time

                          0.00    0.00   clock logic_clk_clock (rise edge)
                          0.00    0.00   clock source latency
     2   18.98    0.00    0.00    0.00 ^ logic_clk (in)
                                         logic_clk (net)
                  7.64    2.41    2.41 ^ delaybuf_0_logic_clk_clock/A (BUFx24_ASAP7_75t_R)
     1    3.14   13.52   29.13   31.54 ^ delaybuf_0_logic_clk_clock/Y (BUFx24_ASAP7_75t_R)
                                         delaynet_0_logic_clk_clock (net)
                 13.57    0.77   32.31 ^ delaybuf_1_logic_clk_clock/A (BUFx24_ASAP7_75t_R)
     1    3.17   13.54   31.30   63.60 ^ delaybuf_1_logic_clk_clock/Y (BUFx24_ASAP7_75t_R)
                                         delaynet_1_logic_clk_clock (net)
                 13.59    0.79   64.39 ^ delaybuf_2_logic_clk_clock/A (BUFx24_ASAP7_75t_R)
     1    3.08   13.47   31.27   95.67 ^ delaybuf_2_logic_clk_clock/Y (BUFx24_ASAP7_75t_R)
                                         delaynet_2_logic_clk_clock (net)
                 13.52    0.75   96.42 ^ delaybuf_3_logic_clk_clock/A (BUFx24_ASAP7_75t_R)
     1    3.29   13.63   31.32  127.73 ^ delaybuf_3_logic_clk_clock/Y (BUFx24_ASAP7_75t_R)
                                         delaynet_3_logic_clk_clock (net)
                 13.68    0.85  128.59 ^ delaybuf_4_logic_clk_clock/A (BUFx24_ASAP7_75t_R)
     1    3.00   13.42   31.28  159.87 ^ delaybuf_4_logic_clk_clock/Y (BUFx24_ASAP7_75t_R)
                                         delaynet_4_logic_clk_clock (net)
                 13.45    0.70  160.57 ^ clkbuf_0_logic_clk/A (BUFx24_ASAP7_75t_R)
     2    8.40   17.08   32.89  193.46 ^ clkbuf_0_logic_clk/Y (BUFx24_ASAP7_75t_R)
                                         clknet_0_logic_clk (net)
                 17.94    1.84  195.30 ^ clkbuf_1_0__f_logic_clk/A (BUFx24_ASAP7_75t_R)
     1   27.40   34.37   36.50  231.81 ^ clkbuf_1_0__f_logic_clk/Y (BUFx24_ASAP7_75t_R)
                                         clknet_1_0__leaf_logic_clk (net)
                 38.92   12.65  244.46 ^ mac.tx_fifo.fifo_inst.mem.0.0/clk_A (fakeram7_tdp_4096x32)
                          0.00  244.46   clock reconvergence pessimism
                         50.00  294.46   library hold time
                                294.46   data required time
-----------------------------------------------------------------------------
                                294.46   data required time
                               -306.82   data arrival time
-----------------------------------------------------------------------------
                                 12.36   slack (MET)


Startpoint: mac.eth_mac_1g_inst.axis_gmii_rx_inst.m_axis_tlast_reg$_SDFF_PN0_
            (rising edge-triggered flip-flop clocked by rx_clk_clock)
Endpoint: mac.rx_fifo.fifo_inst.mem.0.0
          (rising edge-triggered flip-flop clocked by rx_clk_clock)
Path Group: rx_clk_clock
Path Type: min

Fanout     Cap    Slew   Delay    Time   Description
-----------------------------------------------------------------------------
                          0.00    0.00   clock rx_clk_clock (rise edge)
                          0.00    0.00   clock source latency
     2   21.32    0.00    0.00    0.00 ^ rx_clk (in)
                                         rx_clk (net)
                 58.73   18.53   18.53 ^ clkbuf_regs_2_rx_clk_clock/A (BUFx24_ASAP7_75t_R)
     1    1.67   13.78   46.56   65.09 ^ clkbuf_regs_2_rx_clk_clock/Y (BUFx24_ASAP7_75t_R)
                                         rx_clk_regs (net)
                 13.78    0.14   65.23 ^ clkbuf_0_rx_clk_regs/A (BUFx24_ASAP7_75t_R)
     2    6.36   15.68   32.24   97.47 ^ clkbuf_0_rx_clk_regs/Y (BUFx24_ASAP7_75t_R)
                                         clknet_0_rx_clk_regs (net)
                 17.43    2.84  100.31 ^ clkbuf_1_1_0_rx_clk_regs/A (BUFx24_ASAP7_75t_R)
     9   38.45   40.03   38.16  138.47 ^ clkbuf_1_1_0_rx_clk_regs/Y (BUFx24_ASAP7_75t_R)
                                         clknet_1_1_0_rx_clk_regs (net)
                 79.52   21.68  160.15 ^ clkbuf_leaf_2_rx_clk_regs/A (BUFx24_ASAP7_75t_R)
    21    9.46   20.22   55.74  215.90 ^ clkbuf_leaf_2_rx_clk_regs/Y (BUFx24_ASAP7_75t_R)
                                         clknet_leaf_2_rx_clk_regs (net)
                 20.46    1.07  216.96 ^ mac.eth_mac_1g_inst.axis_gmii_rx_inst.m_axis_tlast_reg$_SDFF_PN0_/CLK (DFFHQx4_ASAP7_75t_R)
     3   21.71   74.23  114.81  331.77 v mac.eth_mac_1g_inst.axis_gmii_rx_inst.m_axis_tlast_reg$_SDFF_PN0_/Q (DFFHQx4_ASAP7_75t_R)
                                         mac.eth_mac_1g_inst.axis_gmii_rx_inst.m_axis_tlast_reg (net)
                 70.85   20.70  352.47 v mac.rx_fifo.fifo_inst.mem.0.0/wd_in_A[8] (fakeram7_tdp_4096x32)
                                352.47   data arrival time

                          0.00    0.00   clock rx_clk_clock (rise edge)
                          0.00    0.00   clock source latency
     2   22.50    0.00    0.00    0.00 ^ rx_clk (in)
                                         rx_clk (net)
                 15.15    4.78    4.78 ^ delaybuf_0_rx_clk_clock/A (BUFx24_ASAP7_75t_R)
     1    3.54   13.81   31.94   36.72 ^ delaybuf_0_rx_clk_clock/Y (BUFx24_ASAP7_75t_R)
                                         delaynet_0_rx_clk_clock (net)
                 13.89    0.96   37.68 ^ delaybuf_1_rx_clk_clock/A (BUFx24_ASAP7_75t_R)
     1    3.49   13.77   31.50   69.19 ^ delaybuf_1_rx_clk_clock/Y (BUFx24_ASAP7_75t_R)
                                         delaynet_1_rx_clk_clock (net)
                 13.85    0.98   70.17 ^ delaybuf_2_rx_clk_clock/A (BUFx24_ASAP7_75t_R)
     1    3.43   13.73   31.47  101.64 ^ delaybuf_2_rx_clk_clock/Y (BUFx24_ASAP7_75t_R)
                                         delaynet_2_rx_clk_clock (net)
                 13.80    0.94  102.58 ^ delaybuf_3_rx_clk_clock/A (BUFx24_ASAP7_75t_R)
     1    3.42   13.72   31.45  134.03 ^ delaybuf_3_rx_clk_clock/Y (BUFx24_ASAP7_75t_R)
                                         delaynet_3_rx_clk_clock (net)
                 13.79    0.93  134.96 ^ delaybuf_4_rx_clk_clock/A (BUFx24_ASAP7_75t_R)
     1    3.57   13.83   31.49  166.45 ^ delaybuf_4_rx_clk_clock/Y (BUFx24_ASAP7_75t_R)
                                         delaynet_4_rx_clk_clock (net)
                 13.92    1.00  167.45 ^ delaybuf_5_rx_clk_clock/A (BUFx24_ASAP7_75t_R)
     1    3.25   13.60   31.44  198.89 ^ delaybuf_5_rx_clk_clock/Y (BUFx24_ASAP7_75t_R)
                                         delaynet_5_rx_clk_clock (net)
                 13.66    0.83  199.73 ^ clkbuf_0_rx_clk/A (BUFx24_ASAP7_75t_R)
     1    2.24   12.85   31.03  230.76 ^ clkbuf_0_rx_clk/Y (BUFx24_ASAP7_75t_R)
                                         clknet_0_rx_clk (net)
                 12.86    0.26  231.02 ^ clkbuf_1_0__f_rx_clk/A (BUFx24_ASAP7_75t_R)
     1   25.17   30.79   37.84  268.86 ^ clkbuf_1_0__f_rx_clk/Y (BUFx24_ASAP7_75t_R)
                                         clknet_1_0__leaf_rx_clk (net)
                 23.82    2.90  271.76 ^ mac.rx_fifo.fifo_inst.mem.0.0/clk_A (fakeram7_tdp_4096x32)
                          0.00  271.76   clock reconvergence pessimism
                         50.00  321.76   library hold time
                                321.76   data required time
-----------------------------------------------------------------------------
                                321.76   data required time
                               -352.47   data arrival time
-----------------------------------------------------------------------------
                                 30.71   slack (MET)


Startpoint: mac.tx_fifo.fifo_inst.m_rst_sync2_reg$_DFF_P_
            (rising edge-triggered flip-flop clocked by tx_clk_clock)
Endpoint: mac.tx_fifo.fifo_inst.m_rst_sync3_reg$_DFF_P_
          (rising edge-triggered flip-flop clocked by tx_clk_clock)
Path Group: tx_clk_clock
Path Type: min

Fanout     Cap    Slew   Delay    Time   Description
-----------------------------------------------------------------------------
                          0.00    0.00   clock tx_clk_clock (rise edge)
                          0.00    0.00   clock source latency
     2    6.96    0.00    0.00    0.00 ^ tx_clk (in)
                                         tx_clk (net)
                  5.90    1.86    1.86 ^ clkbuf_regs_1_tx_clk_clock/A (BUFx24_ASAP7_75t_R)
     1    1.67   12.45   27.92   29.79 ^ clkbuf_regs_1_tx_clk_clock/Y (BUFx24_ASAP7_75t_R)
                                         tx_clk_regs (net)
                 12.45    0.15   29.93 ^ clkbuf_0_tx_clk_regs/A (BUFx24_ASAP7_75t_R)
    16   32.74   37.87   39.24   69.17 ^ clkbuf_0_tx_clk_regs/Y (BUFx24_ASAP7_75t_R)
                                         clknet_0_tx_clk_regs (net)
                 40.58    5.37   74.54 ^ clkbuf_4_4_0_tx_clk_regs/A (BUFx24_ASAP7_75t_R)
     8    5.61   15.47   42.17  116.71 ^ clkbuf_4_4_0_tx_clk_regs/Y (BUFx24_ASAP7_75t_R)
                                         clknet_4_4_0_tx_clk_regs (net)
                 15.47    0.18  116.89 ^ mac.tx_fifo.fifo_inst.m_rst_sync2_reg$_DFF_P_/CLK (DFFHQx4_ASAP7_75t_R)
     1    0.98   12.35   95.43  212.32 v mac.tx_fifo.fifo_inst.m_rst_sync2_reg$_DFF_P_/Q (DFFHQx4_ASAP7_75t_R)
                                         mac.tx_fifo.fifo_inst.m_rst_sync2_reg (net)
                 12.35    0.17  212.49 v mac.tx_fifo.fifo_inst.m_rst_sync3_reg$_DFF_P_/D (DFFHQx4_ASAP7_75t_R)
                                212.49   data arrival time

                          0.00    0.00   clock tx_clk_clock (rise edge)
                          0.00    0.00   clock source latency
     2    8.13    0.00    0.00    0.00 ^ tx_clk (in)
                                         tx_clk (net)
                  7.16    2.26    2.26 ^ clkbuf_regs_1_tx_clk_clock/A (BUFx24_ASAP7_75t_R)
     1    2.26   12.87   28.65   30.91 ^ clkbuf_regs_1_tx_clk_clock/Y (BUFx24_ASAP7_75t_R)
                                         tx_clk_regs (net)
                 12.87    0.20   31.11 ^ clkbuf_0_tx_clk_regs/A (BUFx24_ASAP7_75t_R)
    16   42.15   46.23   41.73   72.84 ^ clkbuf_0_tx_clk_regs/Y (BUFx24_ASAP7_75t_R)
                                         clknet_0_tx_clk_regs (net)
                 49.22    6.29   79.12 ^ clkbuf_4_5_0_tx_clk_regs/A (BUFx24_ASAP7_75t_R)
     5    6.92   16.86   45.34  124.46 ^ clkbuf_4_5_0_tx_clk_regs/Y (BUFx24_ASAP7_75t_R)
                                         clknet_4_5_0_tx_clk_regs (net)
                 16.91    0.68  125.14 ^ mac.tx_fifo.fifo_inst.m_rst_sync3_reg$_DFF_P_/CLK (DFFHQx4_ASAP7_75t_R)
                         -3.67  121.48   clock reconvergence pessimism
                         20.52  141.99   library hold time
                                141.99   data required time
-----------------------------------------------------------------------------
                                141.99   data required time
                               -212.49   data arrival time
-----------------------------------------------------------------------------
                                 70.50   slack (MET)



==========================================================================
finish report_checks -path_delay max
--------------------------------------------------------------------------
Startpoint: mac.tx_fifo.fifo_inst.wr_ptr_reg[3]$_SDFFE_PP0P_
            (rising edge-triggered flip-flop clocked by logic_clk_clock)
Endpoint: mac.tx_fifo.fifo_inst.mem.0.0
          (rising edge-triggered flip-flop clocked by logic_clk_clock)
Path Group: logic_clk_clock
Path Type: max

Fanout     Cap    Slew   Delay    Time   Description
-----------------------------------------------------------------------------
                          0.00    0.00   clock logic_clk_clock (rise edge)
                          0.00    0.00   clock source latency
     2   18.98    0.00    0.00    0.00 ^ logic_clk (in)
                                         logic_clk (net)
                 43.22   13.63   13.63 ^ clkbuf_regs_0_logic_clk_clock/A (BUFx24_ASAP7_75t_R)
     1    2.31   13.33   41.85   55.49 ^ clkbuf_regs_0_logic_clk_clock/Y (BUFx24_ASAP7_75t_R)
                                         logic_clk_regs (net)
                 13.33    0.30   55.79 ^ clkbuf_0_logic_clk_regs/A (BUFx24_ASAP7_75t_R)
     2   10.33   18.55   33.39   89.18 ^ clkbuf_0_logic_clk_regs/Y (BUFx24_ASAP7_75t_R)
                                         clknet_0_logic_clk_regs (net)
                 20.13    2.69   91.86 ^ clkbuf_1_1_0_logic_clk_regs/A (BUFx24_ASAP7_75t_R)
     7   28.77   27.43   35.74  127.60 ^ clkbuf_1_1_0_logic_clk_regs/Y (BUFx24_ASAP7_75t_R)
                                         clknet_1_1_0_logic_clk_regs (net)
                 96.01   28.87  156.47 ^ clkbuf_leaf_3_logic_clk_regs/A (BUFx24_ASAP7_75t_R)
    15   11.46   22.41   60.29  216.76 ^ clkbuf_leaf_3_logic_clk_regs/Y (BUFx24_ASAP7_75t_R)
                                         clknet_leaf_3_logic_clk_regs (net)
                 22.58    0.97  217.73 ^ mac.tx_fifo.fifo_inst.wr_ptr_reg[3]$_SDFFE_PP0P_/CLK (DFFHQx4_ASAP7_75t_R)
     8   16.47   71.81  134.41  352.14 ^ mac.tx_fifo.fifo_inst.wr_ptr_reg[3]$_SDFFE_PP0P_/Q (DFFHQx4_ASAP7_75t_R)
                                         mac.tx_fifo.fifo_inst.wr_ptr_reg[3] (net)
                 71.94    1.86  354.00 ^ _3656_/B (XNOR2x1_ASAP7_75t_R)
     1    0.77   30.46   42.88  396.87 ^ _3656_/Y (XNOR2x1_ASAP7_75t_R)
                                         _1123_ (net)
                 30.46    0.10  396.97 ^ _3667_/E (AND5x1_ASAP7_75t_R)
     1    1.31   32.75   67.31  464.28 ^ _3667_/Y (AND5x1_ASAP7_75t_R)
                                         _1124_ (net)
                 32.76    0.23  464.51 ^ _3678_/C (AND3x4_ASAP7_75t_R)
     4    3.97   26.92   49.01  513.52 ^ _3678_/Y (AND3x4_ASAP7_75t_R)
                                         _1125_ (net)
                 27.03    0.94  514.46 ^ _3690_/A (INVx2_ASAP7_75t_R)
     2    1.90   16.30   15.65  530.11 v _3690_/Y (INVx2_ASAP7_75t_R)
                                         _1126_ (net)
                 16.30    0.13  530.24 v _3900_/A1 (AOI211x1_ASAP7_75t_R)
     9    6.91  162.71   80.73  610.97 ^ _3900_/Y (AOI211x1_ASAP7_75t_R)
                                         _1145_ (net)
                162.73    0.92  611.89 ^ _3923_/A (AND2x2_ASAP7_75t_R)
     1    0.89   18.79   53.34  665.23 ^ _3923_/Y (AND2x2_ASAP7_75t_R)
                                         _0353_[0] (net)
                 18.79    0.10  665.33 ^ place613/A (BUFx5_ASAP7_75t_R)
     2    6.84   30.59   38.52  703.86 ^ place613/Y (BUFx5_ASAP7_75t_R)
                                         net612 (net)
                 31.57    2.97  706.83 ^ place612/A (BUFx2_ASAP7_75t_R)
     1   12.99  105.76   61.74  768.56 ^ place612/Y (BUFx2_ASAP7_75t_R)
                                         net611 (net)
                141.43   31.59  800.15 ^ place611/A (BUFx2_ASAP7_75t_R)
     3   11.75   94.00   92.03  892.18 ^ place611/Y (BUFx2_ASAP7_75t_R)
                                         net610 (net)
                 94.04    1.14  893.31 ^ place610/A (BUFx6f_ASAP7_75t_R)
     8   41.22  115.09   82.74  976.05 ^ place610/Y (BUFx6f_ASAP7_75t_R)
                                         net609 (net)
                 88.42    9.93  985.98 ^ mac.tx_fifo.fifo_inst.mem.0.0/w_mask_in_A[0] (fakeram7_tdp_4096x32)
                                985.98   data arrival time

                       1000.00 1000.00   clock logic_clk_clock (rise edge)
                          0.00 1000.00   clock source latency
     2   17.81    0.00    0.00 1000.00 ^ logic_clk (in)
                                         logic_clk (net)
                  7.07    2.23 1002.23 ^ delaybuf_0_logic_clk_clock/A (BUFx24_ASAP7_75t_R)
     1    2.56   13.10   28.70 1030.93 ^ delaybuf_0_logic_clk_clock/Y (BUFx24_ASAP7_75t_R)
                                         delaynet_0_logic_clk_clock (net)
                 13.12    0.60 1031.53 ^ delaybuf_1_logic_clk_clock/A (BUFx24_ASAP7_75t_R)
     1    2.58   13.11   30.96 1062.49 ^ delaybuf_1_logic_clk_clock/Y (BUFx24_ASAP7_75t_R)
                                         delaynet_1_logic_clk_clock (net)
                 13.14    0.62 1063.11 ^ delaybuf_2_logic_clk_clock/A (BUFx24_ASAP7_75t_R)
     1    2.49   13.04   30.93 1094.04 ^ delaybuf_2_logic_clk_clock/Y (BUFx24_ASAP7_75t_R)
                                         delaynet_2_logic_clk_clock (net)
                 13.07    0.58 1094.62 ^ delaybuf_3_logic_clk_clock/A (BUFx24_ASAP7_75t_R)
     1    2.70   13.20   30.98 1125.60 ^ delaybuf_3_logic_clk_clock/Y (BUFx24_ASAP7_75t_R)
                                         delaynet_3_logic_clk_clock (net)
                 13.23    0.67 1126.28 ^ delaybuf_4_logic_clk_clock/A (BUFx24_ASAP7_75t_R)
     1    2.41   12.99   30.94 1157.22 ^ delaybuf_4_logic_clk_clock/Y (BUFx24_ASAP7_75t_R)
                                         delaynet_4_logic_clk_clock (net)
                 13.01    0.54 1157.76 ^ clkbuf_0_logic_clk/A (BUFx24_ASAP7_75t_R)
     2    7.22   16.32   32.40 1190.16 ^ clkbuf_0_logic_clk/Y (BUFx24_ASAP7_75t_R)
                                         clknet_0_logic_clk (net)
                 16.83    1.53 1191.69 ^ clkbuf_1_0__f_logic_clk/A (BUFx24_ASAP7_75t_R)
     1   27.40   34.34   36.13 1227.82 ^ clkbuf_1_0__f_logic_clk/Y (BUFx24_ASAP7_75t_R)
                                         clknet_1_0__leaf_logic_clk (net)
                 38.90   12.65 1240.47 ^ mac.tx_fifo.fifo_inst.mem.0.0/clk_A (fakeram7_tdp_4096x32)
                          0.00 1240.47   clock reconvergence pessimism
                        -50.00 1190.47   library setup time
                               1190.47   data required time
-----------------------------------------------------------------------------
                               1190.47   data required time
                               -985.98   data arrival time
-----------------------------------------------------------------------------
                                204.49   slack (MET)


Startpoint: mac.rx_fifo.fifo_inst.wr_ptr_reg[1]$_SDFFE_PP0P_
            (rising edge-triggered flip-flop clocked by rx_clk_clock)
Endpoint: mac.rx_fifo.fifo_inst.mem.0.0
          (rising edge-triggered flip-flop clocked by rx_clk_clock)
Path Group: rx_clk_clock
Path Type: max

Fanout     Cap    Slew   Delay    Time   Description
-----------------------------------------------------------------------------
                          0.00    0.00   clock rx_clk_clock (rise edge)
                          0.00    0.00   clock source latency
     2   22.50    0.00    0.00    0.00 ^ rx_clk (in)
                                         rx_clk (net)
                 62.25   19.64   19.64 ^ clkbuf_regs_2_rx_clk_clock/A (BUFx24_ASAP7_75t_R)
     1    2.25   14.39   47.88   67.52 ^ clkbuf_regs_2_rx_clk_clock/Y (BUFx24_ASAP7_75t_R)
                                         rx_clk_regs (net)
                 14.39    0.20   67.72 ^ clkbuf_0_rx_clk_regs/A (BUFx24_ASAP7_75t_R)
     2    7.54   16.40   32.72  100.43 ^ clkbuf_0_rx_clk_regs/Y (BUFx24_ASAP7_75t_R)
                                         clknet_0_rx_clk_regs (net)
                 19.06    3.40  103.83 ^ clkbuf_1_0_0_rx_clk_regs/A (BUFx24_ASAP7_75t_R)
     1    2.25   12.86   32.84  136.67 ^ clkbuf_1_0_0_rx_clk_regs/Y (BUFx24_ASAP7_75t_R)
                                         clknet_1_0_0_rx_clk_regs (net)
                 12.86    0.18  136.86 ^ wire710/A (BUFx24_ASAP7_75t_R)
    10   38.68   37.59   33.90  170.76 ^ wire710/Y (BUFx24_ASAP7_75t_R)
                                         net709 (net)
                114.26   34.26  205.02 ^ clkbuf_leaf_12_rx_clk_regs/A (BUFx24_ASAP7_75t_R)
    17   12.27   23.93   64.60  269.61 ^ clkbuf_leaf_12_rx_clk_regs/Y (BUFx24_ASAP7_75t_R)
                                         clknet_leaf_12_rx_clk_regs (net)
                 24.35    1.68  271.30 ^ mac.rx_fifo.fifo_inst.wr_ptr_reg[1]$_SDFFE_PP0P_/CLK (DFFHQx4_ASAP7_75t_R)
     6   15.49   67.30  134.09  405.39 ^ mac.rx_fifo.fifo_inst.wr_ptr_reg[1]$_SDFFE_PP0P_/Q (DFFHQx4_ASAP7_75t_R)
                                         mac.rx_fifo.fifo_inst.wr_ptr_reg[1] (net)
                 67.34    0.84  406.23 ^ _5053_/B (XNOR2x2_ASAP7_75t_R)
     1    1.74   22.90   52.56  458.78 ^ _5053_/Y (XNOR2x2_ASAP7_75t_R)
                                         _1519_ (net)
                 22.92    0.31  459.10 ^ _5056_/B (AND4x1_ASAP7_75t_R)
     1    1.44   33.08   51.75  510.84 ^ _5056_/Y (AND4x1_ASAP7_75t_R)
                                         _1522_ (net)
                 33.09    0.30  511.14 ^ _5057_/E (AND5x1_ASAP7_75t_R)
     1    1.49   35.31   68.93  580.08 ^ _5057_/Y (AND5x1_ASAP7_75t_R)
                                         _1523_ (net)
                 35.32    0.27  580.35 ^ _5066_/B1 (AOI221x1_ASAP7_75t_R)
     2    2.27   64.23   42.10  622.45 v _5066_/Y (AOI221x1_ASAP7_75t_R)
                                         _1531_ (net)
                 64.25    0.63  623.08 v _5070_/A (AND2x2_ASAP7_75t_R)
     1    0.66   13.36   47.03  670.11 v _5070_/Y (AND2x2_ASAP7_75t_R)
                                         _0166_[0] (net)
                 13.36    0.06  670.17 v place622/A (BUFx3_ASAP7_75t_R)
     2   17.86   75.67   45.85  716.02 v place622/Y (BUFx3_ASAP7_75t_R)
                                         net621 (net)
                121.29   32.24  748.25 v place620/A (BUFx12f_ASAP7_75t_R)
     5   22.13   35.57   60.26  808.51 v place620/Y (BUFx12f_ASAP7_75t_R)
                                         net619 (net)
                 38.25    5.19  813.71 v place619/A (BUFx6f_ASAP7_75t_R)
    17   85.22  179.01   74.98  888.69 v place619/Y (BUFx6f_ASAP7_75t_R)
                                         net618 (net)
                238.53   56.46  945.14 v place617/A (BUFx6f_ASAP7_75t_R)
     7   36.87   84.54   94.88 1040.02 v place617/Y (BUFx6f_ASAP7_75t_R)
                                         net616 (net)
                 68.26   12.44 1052.46 v mac.rx_fifo.fifo_inst.mem.0.0/w_mask_in_A[0] (fakeram7_tdp_4096x32)
                               1052.46   data arrival time

                       1000.00 1000.00   clock rx_clk_clock (rise edge)
                          0.00 1000.00   clock source latency
     2   21.32    0.00    0.00 1000.00 ^ rx_clk (in)
                                         rx_clk (net)
                 14.24    4.49 1004.49 ^ delaybuf_0_rx_clk_clock/A (BUFx24_ASAP7_75t_R)
     1    2.96   13.39   31.45 1035.95 ^ delaybuf_0_rx_clk_clock/Y (BUFx24_ASAP7_75t_R)
                                         delaynet_0_rx_clk_clock (net)
                 13.43    0.76 1036.71 ^ delaybuf_1_rx_clk_clock/A (BUFx24_ASAP7_75t_R)
     1    2.90   13.35   31.16 1067.88 ^ delaybuf_1_rx_clk_clock/Y (BUFx24_ASAP7_75t_R)
                                         delaynet_1_rx_clk_clock (net)
                 13.39    0.78 1068.65 ^ delaybuf_2_rx_clk_clock/A (BUFx24_ASAP7_75t_R)
     1    2.84   13.30   31.13 1099.79 ^ delaybuf_2_rx_clk_clock/Y (BUFx24_ASAP7_75t_R)
                                         delaynet_2_rx_clk_clock (net)
                 13.35    0.75 1100.53 ^ delaybuf_3_rx_clk_clock/A (BUFx24_ASAP7_75t_R)
     1    2.83   13.29   31.11 1131.65 ^ delaybuf_3_rx_clk_clock/Y (BUFx24_ASAP7_75t_R)
                                         delaynet_3_rx_clk_clock (net)
                 13.33    0.74 1132.38 ^ delaybuf_4_rx_clk_clock/A (BUFx24_ASAP7_75t_R)
     1    2.98   13.40   31.16 1163.54 ^ delaybuf_4_rx_clk_clock/Y (BUFx24_ASAP7_75t_R)
                                         delaynet_4_rx_clk_clock (net)
                 13.45    0.80 1164.34 ^ delaybuf_5_rx_clk_clock/A (BUFx24_ASAP7_75t_R)
     1    2.66   13.17   31.10 1195.43 ^ delaybuf_5_rx_clk_clock/Y (BUFx24_ASAP7_75t_R)
                                         delaynet_5_rx_clk_clock (net)
                 13.20    0.65 1196.09 ^ clkbuf_0_rx_clk/A (BUFx24_ASAP7_75t_R)
     1    1.65   12.42   30.68 1226.77 ^ clkbuf_0_rx_clk/Y (BUFx24_ASAP7_75t_R)
                                         clknet_0_rx_clk (net)
                 12.43    0.19 1226.96 ^ clkbuf_1_0__f_rx_clk/A (BUFx24_ASAP7_75t_R)
     1   25.17   30.79   37.69 1264.65 ^ clkbuf_1_0__f_rx_clk/Y (BUFx24_ASAP7_75t_R)
                                         clknet_1_0__leaf_rx_clk (net)
                 23.82    2.90 1267.55 ^ mac.rx_fifo.fifo_inst.mem.0.0/clk_A (fakeram7_tdp_4096x32)
                          0.00 1267.55   clock reconvergence pessimism
                        -50.00 1217.55   library setup time
                               1217.55   data required time
-----------------------------------------------------------------------------
                               1217.55   data required time
                               -1052.46   data arrival time
-----------------------------------------------------------------------------
                                165.09   slack (MET)


Startpoint: mac.tx_fifo.fifo_inst.rd_ptr_reg[2]$_SDFFE_PP0P_
            (rising edge-triggered flip-flop clocked by tx_clk_clock)
Endpoint: mac.tx_fifo.fifo_inst.rd_ptr_reg[12]$_SDFFE_PP0P_
          (rising edge-triggered flip-flop clocked by tx_clk_clock)
Path Group: tx_clk_clock
Path Type: max

Fanout     Cap    Slew   Delay    Time   Description
-----------------------------------------------------------------------------
                          0.00    0.00   clock tx_clk_clock (rise edge)
                          0.00    0.00   clock source latency
     2    8.13    0.00    0.00    0.00 ^ tx_clk (in)
                                         tx_clk (net)
                  7.16    2.26    2.26 ^ clkbuf_regs_1_tx_clk_clock/A (BUFx24_ASAP7_75t_R)
     1    2.26   12.87   28.65   30.91 ^ clkbuf_regs_1_tx_clk_clock/Y (BUFx24_ASAP7_75t_R)
                                         tx_clk_regs (net)
                 12.87    0.20   31.11 ^ clkbuf_0_tx_clk_regs/A (BUFx24_ASAP7_75t_R)
    16   42.15   46.23   41.73   72.84 ^ clkbuf_0_tx_clk_regs/Y (BUFx24_ASAP7_75t_R)
                                         clknet_0_tx_clk_regs (net)
                 50.02    7.03   79.86 ^ clkbuf_4_1_0_tx_clk_regs/A (BUFx24_ASAP7_75t_R)
    12    8.35   17.85   46.07  125.94 ^ clkbuf_4_1_0_tx_clk_regs/Y (BUFx24_ASAP7_75t_R)
                                         clknet_4_1_0_tx_clk_regs (net)
                 17.97    0.78  126.72 ^ mac.tx_fifo.fifo_inst.rd_ptr_reg[2]$_SDFFE_PP0P_/CLK (DFFHQx4_ASAP7_75t_R)
    10   22.36   95.91  135.97  262.68 ^ mac.tx_fifo.fifo_inst.rd_ptr_reg[2]$_SDFFE_PP0P_/Q (DFFHQx4_ASAP7_75t_R)
                                         mac.tx_fifo.fifo_inst.rd_ptr_reg[2] (net)
                 96.07    2.64  265.32 ^ _4959_/A (XNOR2x2_ASAP7_75t_R)
     1    0.65   16.40   48.92  314.24 ^ _4959_/Y (XNOR2x2_ASAP7_75t_R)
                                         _1448_ (net)
                 16.40    0.06  314.30 ^ _4960_/D (AND4x1_ASAP7_75t_R)
     1    0.81   23.80   46.53  360.82 ^ _4960_/Y (AND4x1_ASAP7_75t_R)
                                         _1449_ (net)
                 23.81    0.09  360.91 ^ _4961_/D (AND4x1_ASAP7_75t_R)
     1    0.81   23.86   47.88  408.79 ^ _4961_/Y (AND4x1_ASAP7_75t_R)
                                         _1450_ (net)
                 23.86    0.10  408.89 ^ _4971_/A (AND4x1_ASAP7_75t_R)
     6    4.02   69.82   68.71  477.60 ^ _4971_/Y (AND4x1_ASAP7_75t_R)
                                         _1459_ (net)
                 69.82    0.36  477.97 ^ _4975_/A (NOR2x1_ASAP7_75t_R)
    14   10.36  121.75   82.88  560.84 v _4975_/Y (NOR2x1_ASAP7_75t_R)
                                         _1462_ (net)
                121.81    1.65  562.50 v place624/A (BUFx2_ASAP7_75t_R)
    14   11.19   69.53   84.48  646.98 v place624/Y (BUFx2_ASAP7_75t_R)
                                         net623 (net)
                 69.90    2.88  649.86 v _4976_/B (AND2x2_ASAP7_75t_R)
     2    1.55   17.66   49.57  699.43 v _4976_/Y (AND2x2_ASAP7_75t_R)
                                         _1463_ (net)
                 17.66    0.10  699.53 v _4978_/B (AND3x1_ASAP7_75t_R)
     1    0.94   16.25   27.02  726.55 v _4978_/Y (AND3x1_ASAP7_75t_R)
                                         _1465_ (net)
                 16.25    0.07  726.62 v _4979_/B (XOR2x2_ASAP7_75t_R)
     1    0.55   13.81   48.26  774.88 ^ _4979_/Y (XOR2x2_ASAP7_75t_R)
                                         _1466_ (net)
                 13.81    0.04  774.92 ^ _4980_/B (AND2x2_ASAP7_75t_R)
     1    0.56   15.80   27.38  802.30 ^ _4980_/Y (AND2x2_ASAP7_75t_R)
                                         _0935_ (net)
                 15.80    0.04  802.34 ^ mac.tx_fifo.fifo_inst.rd_ptr_reg[12]$_SDFFE_PP0P_/D (DFFHQx4_ASAP7_75t_R)
                                802.34   data arrival time

                       1000.00 1000.00   clock tx_clk_clock (rise edge)
                          0.00 1000.00   clock source latency
     2    6.96    0.00    0.00 1000.00 ^ tx_clk (in)
                                         tx_clk (net)
                  5.90    1.86 1001.86 ^ clkbuf_regs_1_tx_clk_clock/A (BUFx24_ASAP7_75t_R)
     1    1.67   12.45   27.92 1029.79 ^ clkbuf_regs_1_tx_clk_clock/Y (BUFx24_ASAP7_75t_R)
                                         tx_clk_regs (net)
                 12.45    0.15 1029.93 ^ clkbuf_0_tx_clk_regs/A (BUFx24_ASAP7_75t_R)
    16   32.74   37.87   39.24 1069.17 ^ clkbuf_0_tx_clk_regs/Y (BUFx24_ASAP7_75t_R)
                                         clknet_0_tx_clk_regs (net)
                 40.58    5.37 1074.54 ^ clkbuf_4_4_0_tx_clk_regs/A (BUFx24_ASAP7_75t_R)
     8    5.61   15.47   42.17 1116.71 ^ clkbuf_4_4_0_tx_clk_regs/Y (BUFx24_ASAP7_75t_R)
                                         clknet_4_4_0_tx_clk_regs (net)
                 15.48    0.41 1117.12 ^ mac.tx_fifo.fifo_inst.rd_ptr_reg[12]$_SDFFE_PP0P_/CLK (DFFHQx4_ASAP7_75t_R)
                          3.67 1120.79   clock reconvergence pessimism
                        -15.20 1105.59   library setup time
                               1105.59   data required time
-----------------------------------------------------------------------------
                               1105.59   data required time
                               -802.34   data arrival time
-----------------------------------------------------------------------------
                                303.25   slack (MET)



==========================================================================
finish report_checks -unconstrained
--------------------------------------------------------------------------
Startpoint: mac.tx_fifo.fifo_inst.wr_ptr_reg[3]$_SDFFE_PP0P_
            (rising edge-triggered flip-flop clocked by logic_clk_clock)
Endpoint: mac.tx_fifo.fifo_inst.mem.0.0
          (rising edge-triggered flip-flop clocked by logic_clk_clock)
Path Group: logic_clk_clock
Path Type: max

Fanout     Cap    Slew   Delay    Time   Description
-----------------------------------------------------------------------------
                          0.00    0.00   clock logic_clk_clock (rise edge)
                          0.00    0.00   clock source latency
     2   18.98    0.00    0.00    0.00 ^ logic_clk (in)
                                         logic_clk (net)
                 43.22   13.63   13.63 ^ clkbuf_regs_0_logic_clk_clock/A (BUFx24_ASAP7_75t_R)
     1    2.31   13.33   41.85   55.49 ^ clkbuf_regs_0_logic_clk_clock/Y (BUFx24_ASAP7_75t_R)
                                         logic_clk_regs (net)
                 13.33    0.30   55.79 ^ clkbuf_0_logic_clk_regs/A (BUFx24_ASAP7_75t_R)
     2   10.33   18.55   33.39   89.18 ^ clkbuf_0_logic_clk_regs/Y (BUFx24_ASAP7_75t_R)
                                         clknet_0_logic_clk_regs (net)
                 20.13    2.69   91.86 ^ clkbuf_1_1_0_logic_clk_regs/A (BUFx24_ASAP7_75t_R)
     7   28.77   27.43   35.74  127.60 ^ clkbuf_1_1_0_logic_clk_regs/Y (BUFx24_ASAP7_75t_R)
                                         clknet_1_1_0_logic_clk_regs (net)
                 96.01   28.87  156.47 ^ clkbuf_leaf_3_logic_clk_regs/A (BUFx24_ASAP7_75t_R)
    15   11.46   22.41   60.29  216.76 ^ clkbuf_leaf_3_logic_clk_regs/Y (BUFx24_ASAP7_75t_R)
                                         clknet_leaf_3_logic_clk_regs (net)
                 22.58    0.97  217.73 ^ mac.tx_fifo.fifo_inst.wr_ptr_reg[3]$_SDFFE_PP0P_/CLK (DFFHQx4_ASAP7_75t_R)
     8   16.47   71.81  134.41  352.14 ^ mac.tx_fifo.fifo_inst.wr_ptr_reg[3]$_SDFFE_PP0P_/Q (DFFHQx4_ASAP7_75t_R)
                                         mac.tx_fifo.fifo_inst.wr_ptr_reg[3] (net)
                 71.94    1.86  354.00 ^ _3656_/B (XNOR2x1_ASAP7_75t_R)
     1    0.77   30.46   42.88  396.87 ^ _3656_/Y (XNOR2x1_ASAP7_75t_R)
                                         _1123_ (net)
                 30.46    0.10  396.97 ^ _3667_/E (AND5x1_ASAP7_75t_R)
     1    1.31   32.75   67.31  464.28 ^ _3667_/Y (AND5x1_ASAP7_75t_R)
                                         _1124_ (net)
                 32.76    0.23  464.51 ^ _3678_/C (AND3x4_ASAP7_75t_R)
     4    3.97   26.92   49.01  513.52 ^ _3678_/Y (AND3x4_ASAP7_75t_R)
                                         _1125_ (net)
                 27.03    0.94  514.46 ^ _3690_/A (INVx2_ASAP7_75t_R)
     2    1.90   16.30   15.65  530.11 v _3690_/Y (INVx2_ASAP7_75t_R)
                                         _1126_ (net)
                 16.30    0.13  530.24 v _3900_/A1 (AOI211x1_ASAP7_75t_R)
     9    6.91  162.71   80.73  610.97 ^ _3900_/Y (AOI211x1_ASAP7_75t_R)
                                         _1145_ (net)
                162.73    0.92  611.89 ^ _3923_/A (AND2x2_ASAP7_75t_R)
     1    0.89   18.79   53.34  665.23 ^ _3923_/Y (AND2x2_ASAP7_75t_R)
                                         _0353_[0] (net)
                 18.79    0.10  665.33 ^ place613/A (BUFx5_ASAP7_75t_R)
     2    6.84   30.59   38.52  703.86 ^ place613/Y (BUFx5_ASAP7_75t_R)
                                         net612 (net)
                 31.57    2.97  706.83 ^ place612/A (BUFx2_ASAP7_75t_R)
     1   12.99  105.76   61.74  768.56 ^ place612/Y (BUFx2_ASAP7_75t_R)
                                         net611 (net)
                141.43   31.59  800.15 ^ place611/A (BUFx2_ASAP7_75t_R)
     3   11.75   94.00   92.03  892.18 ^ place611/Y (BUFx2_ASAP7_75t_R)
                                         net610 (net)
                 94.04    1.14  893.31 ^ place610/A (BUFx6f_ASAP7_75t_R)
     8   41.22  115.09   82.74  976.05 ^ place610/Y (BUFx6f_ASAP7_75t_R)
                                         net609 (net)
                 88.42    9.93  985.98 ^ mac.tx_fifo.fifo_inst.mem.0.0/w_mask_in_A[0] (fakeram7_tdp_4096x32)
                                985.98   data arrival time

                       1000.00 1000.00   clock logic_clk_clock (rise edge)
                          0.00 1000.00   clock source latency
     2   17.81    0.00    0.00 1000.00 ^ logic_clk (in)
                                         logic_clk (net)
                  7.07    2.23 1002.23 ^ delaybuf_0_logic_clk_clock/A (BUFx24_ASAP7_75t_R)
     1    2.56   13.10   28.70 1030.93 ^ delaybuf_0_logic_clk_clock/Y (BUFx24_ASAP7_75t_R)
                                         delaynet_0_logic_clk_clock (net)
                 13.12    0.60 1031.53 ^ delaybuf_1_logic_clk_clock/A (BUFx24_ASAP7_75t_R)
     1    2.58   13.11   30.96 1062.49 ^ delaybuf_1_logic_clk_clock/Y (BUFx24_ASAP7_75t_R)
                                         delaynet_1_logic_clk_clock (net)
                 13.14    0.62 1063.11 ^ delaybuf_2_logic_clk_clock/A (BUFx24_ASAP7_75t_R)
     1    2.49   13.04   30.93 1094.04 ^ delaybuf_2_logic_clk_clock/Y (BUFx24_ASAP7_75t_R)
                                         delaynet_2_logic_clk_clock (net)
                 13.07    0.58 1094.62 ^ delaybuf_3_logic_clk_clock/A (BUFx24_ASAP7_75t_R)
     1    2.70   13.20   30.98 1125.60 ^ delaybuf_3_logic_clk_clock/Y (BUFx24_ASAP7_75t_R)
                                         delaynet_3_logic_clk_clock (net)
                 13.23    0.67 1126.28 ^ delaybuf_4_logic_clk_clock/A (BUFx24_ASAP7_75t_R)
     1    2.41   12.99   30.94 1157.22 ^ delaybuf_4_logic_clk_clock/Y (BUFx24_ASAP7_75t_R)
                                         delaynet_4_logic_clk_clock (net)
                 13.01    0.54 1157.76 ^ clkbuf_0_logic_clk/A (BUFx24_ASAP7_75t_R)
     2    7.22   16.32   32.40 1190.16 ^ clkbuf_0_logic_clk/Y (BUFx24_ASAP7_75t_R)
                                         clknet_0_logic_clk (net)
                 16.83    1.53 1191.69 ^ clkbuf_1_0__f_logic_clk/A (BUFx24_ASAP7_75t_R)
     1   27.40   34.34   36.13 1227.82 ^ clkbuf_1_0__f_logic_clk/Y (BUFx24_ASAP7_75t_R)
                                         clknet_1_0__leaf_logic_clk (net)
                 38.90   12.65 1240.47 ^ mac.tx_fifo.fifo_inst.mem.0.0/clk_A (fakeram7_tdp_4096x32)
                          0.00 1240.47   clock reconvergence pessimism
                        -50.00 1190.47   library setup time
                               1190.47   data required time
-----------------------------------------------------------------------------
                               1190.47   data required time
                               -985.98   data arrival time
-----------------------------------------------------------------------------
                                204.49   slack (MET)


Startpoint: mac.rx_fifo.fifo_inst.wr_ptr_reg[1]$_SDFFE_PP0P_
            (rising edge-triggered flip-flop clocked by rx_clk_clock)
Endpoint: mac.rx_fifo.fifo_inst.mem.0.0
          (rising edge-triggered flip-flop clocked by rx_clk_clock)
Path Group: rx_clk_clock
Path Type: max

Fanout     Cap    Slew   Delay    Time   Description
-----------------------------------------------------------------------------
                          0.00    0.00   clock rx_clk_clock (rise edge)
                          0.00    0.00   clock source latency
     2   22.50    0.00    0.00    0.00 ^ rx_clk (in)
                                         rx_clk (net)
                 62.25   19.64   19.64 ^ clkbuf_regs_2_rx_clk_clock/A (BUFx24_ASAP7_75t_R)
     1    2.25   14.39   47.88   67.52 ^ clkbuf_regs_2_rx_clk_clock/Y (BUFx24_ASAP7_75t_R)
                                         rx_clk_regs (net)
                 14.39    0.20   67.72 ^ clkbuf_0_rx_clk_regs/A (BUFx24_ASAP7_75t_R)
     2    7.54   16.40   32.72  100.43 ^ clkbuf_0_rx_clk_regs/Y (BUFx24_ASAP7_75t_R)
                                         clknet_0_rx_clk_regs (net)
                 19.06    3.40  103.83 ^ clkbuf_1_0_0_rx_clk_regs/A (BUFx24_ASAP7_75t_R)
     1    2.25   12.86   32.84  136.67 ^ clkbuf_1_0_0_rx_clk_regs/Y (BUFx24_ASAP7_75t_R)
                                         clknet_1_0_0_rx_clk_regs (net)
                 12.86    0.18  136.86 ^ wire710/A (BUFx24_ASAP7_75t_R)
    10   38.68   37.59   33.90  170.76 ^ wire710/Y (BUFx24_ASAP7_75t_R)
                                         net709 (net)
                114.26   34.26  205.02 ^ clkbuf_leaf_12_rx_clk_regs/A (BUFx24_ASAP7_75t_R)
    17   12.27   23.93   64.60  269.61 ^ clkbuf_leaf_12_rx_clk_regs/Y (BUFx24_ASAP7_75t_R)
                                         clknet_leaf_12_rx_clk_regs (net)
                 24.35    1.68  271.30 ^ mac.rx_fifo.fifo_inst.wr_ptr_reg[1]$_SDFFE_PP0P_/CLK (DFFHQx4_ASAP7_75t_R)
     6   15.49   67.30  134.09  405.39 ^ mac.rx_fifo.fifo_inst.wr_ptr_reg[1]$_SDFFE_PP0P_/Q (DFFHQx4_ASAP7_75t_R)
                                         mac.rx_fifo.fifo_inst.wr_ptr_reg[1] (net)
                 67.34    0.84  406.23 ^ _5053_/B (XNOR2x2_ASAP7_75t_R)
     1    1.74   22.90   52.56  458.78 ^ _5053_/Y (XNOR2x2_ASAP7_75t_R)
                                         _1519_ (net)
                 22.92    0.31  459.10 ^ _5056_/B (AND4x1_ASAP7_75t_R)
     1    1.44   33.08   51.75  510.84 ^ _5056_/Y (AND4x1_ASAP7_75t_R)
                                         _1522_ (net)
                 33.09    0.30  511.14 ^ _5057_/E (AND5x1_ASAP7_75t_R)
     1    1.49   35.31   68.93  580.08 ^ _5057_/Y (AND5x1_ASAP7_75t_R)
                                         _1523_ (net)
                 35.32    0.27  580.35 ^ _5066_/B1 (AOI221x1_ASAP7_75t_R)
     2    2.27   64.23   42.10  622.45 v _5066_/Y (AOI221x1_ASAP7_75t_R)
                                         _1531_ (net)
                 64.25    0.63  623.08 v _5070_/A (AND2x2_ASAP7_75t_R)
     1    0.66   13.36   47.03  670.11 v _5070_/Y (AND2x2_ASAP7_75t_R)
                                         _0166_[0] (net)
                 13.36    0.06  670.17 v place622/A (BUFx3_ASAP7_75t_R)
     2   17.86   75.67   45.85  716.02 v place622/Y (BUFx3_ASAP7_75t_R)
                                         net621 (net)
                121.29   32.24  748.25 v place620/A (BUFx12f_ASAP7_75t_R)
     5   22.13   35.57   60.26  808.51 v place620/Y (BUFx12f_ASAP7_75t_R)
                                         net619 (net)
                 38.25    5.19  813.71 v place619/A (BUFx6f_ASAP7_75t_R)
    17   85.22  179.01   74.98  888.69 v place619/Y (BUFx6f_ASAP7_75t_R)
                                         net618 (net)
                238.53   56.46  945.14 v place617/A (BUFx6f_ASAP7_75t_R)
     7   36.87   84.54   94.88 1040.02 v place617/Y (BUFx6f_ASAP7_75t_R)
                                         net616 (net)
                 68.26   12.44 1052.46 v mac.rx_fifo.fifo_inst.mem.0.0/w_mask_in_A[0] (fakeram7_tdp_4096x32)
                               1052.46   data arrival time

                       1000.00 1000.00   clock rx_clk_clock (rise edge)
                          0.00 1000.00   clock source latency
     2   21.32    0.00    0.00 1000.00 ^ rx_clk (in)
                                         rx_clk (net)
                 14.24    4.49 1004.49 ^ delaybuf_0_rx_clk_clock/A (BUFx24_ASAP7_75t_R)
     1    2.96   13.39   31.45 1035.95 ^ delaybuf_0_rx_clk_clock/Y (BUFx24_ASAP7_75t_R)
                                         delaynet_0_rx_clk_clock (net)
                 13.43    0.76 1036.71 ^ delaybuf_1_rx_clk_clock/A (BUFx24_ASAP7_75t_R)
     1    2.90   13.35   31.16 1067.88 ^ delaybuf_1_rx_clk_clock/Y (BUFx24_ASAP7_75t_R)
                                         delaynet_1_rx_clk_clock (net)
                 13.39    0.78 1068.65 ^ delaybuf_2_rx_clk_clock/A (BUFx24_ASAP7_75t_R)
     1    2.84   13.30   31.13 1099.79 ^ delaybuf_2_rx_clk_clock/Y (BUFx24_ASAP7_75t_R)
                                         delaynet_2_rx_clk_clock (net)
                 13.35    0.75 1100.53 ^ delaybuf_3_rx_clk_clock/A (BUFx24_ASAP7_75t_R)
     1    2.83   13.29   31.11 1131.65 ^ delaybuf_3_rx_clk_clock/Y (BUFx24_ASAP7_75t_R)
                                         delaynet_3_rx_clk_clock (net)
                 13.33    0.74 1132.38 ^ delaybuf_4_rx_clk_clock/A (BUFx24_ASAP7_75t_R)
     1    2.98   13.40   31.16 1163.54 ^ delaybuf_4_rx_clk_clock/Y (BUFx24_ASAP7_75t_R)
                                         delaynet_4_rx_clk_clock (net)
                 13.45    0.80 1164.34 ^ delaybuf_5_rx_clk_clock/A (BUFx24_ASAP7_75t_R)
     1    2.66   13.17   31.10 1195.43 ^ delaybuf_5_rx_clk_clock/Y (BUFx24_ASAP7_75t_R)
                                         delaynet_5_rx_clk_clock (net)
                 13.20    0.65 1196.09 ^ clkbuf_0_rx_clk/A (BUFx24_ASAP7_75t_R)
     1    1.65   12.42   30.68 1226.77 ^ clkbuf_0_rx_clk/Y (BUFx24_ASAP7_75t_R)
                                         clknet_0_rx_clk (net)
                 12.43    0.19 1226.96 ^ clkbuf_1_0__f_rx_clk/A (BUFx24_ASAP7_75t_R)
     1   25.17   30.79   37.69 1264.65 ^ clkbuf_1_0__f_rx_clk/Y (BUFx24_ASAP7_75t_R)
                                         clknet_1_0__leaf_rx_clk (net)
                 23.82    2.90 1267.55 ^ mac.rx_fifo.fifo_inst.mem.0.0/clk_A (fakeram7_tdp_4096x32)
                          0.00 1267.55   clock reconvergence pessimism
                        -50.00 1217.55   library setup time
                               1217.55   data required time
-----------------------------------------------------------------------------
                               1217.55   data required time
                               -1052.46   data arrival time
-----------------------------------------------------------------------------
                                165.09   slack (MET)


Startpoint: mac.tx_fifo.fifo_inst.rd_ptr_reg[2]$_SDFFE_PP0P_
            (rising edge-triggered flip-flop clocked by tx_clk_clock)
Endpoint: mac.tx_fifo.fifo_inst.rd_ptr_reg[12]$_SDFFE_PP0P_
          (rising edge-triggered flip-flop clocked by tx_clk_clock)
Path Group: tx_clk_clock
Path Type: max

Fanout     Cap    Slew   Delay    Time   Description
-----------------------------------------------------------------------------
                          0.00    0.00   clock tx_clk_clock (rise edge)
                          0.00    0.00   clock source latency
     2    8.13    0.00    0.00    0.00 ^ tx_clk (in)
                                         tx_clk (net)
                  7.16    2.26    2.26 ^ clkbuf_regs_1_tx_clk_clock/A (BUFx24_ASAP7_75t_R)
     1    2.26   12.87   28.65   30.91 ^ clkbuf_regs_1_tx_clk_clock/Y (BUFx24_ASAP7_75t_R)
                                         tx_clk_regs (net)
                 12.87    0.20   31.11 ^ clkbuf_0_tx_clk_regs/A (BUFx24_ASAP7_75t_R)
    16   42.15   46.23   41.73   72.84 ^ clkbuf_0_tx_clk_regs/Y (BUFx24_ASAP7_75t_R)
                                         clknet_0_tx_clk_regs (net)
                 50.02    7.03   79.86 ^ clkbuf_4_1_0_tx_clk_regs/A (BUFx24_ASAP7_75t_R)
    12    8.35   17.85   46.07  125.94 ^ clkbuf_4_1_0_tx_clk_regs/Y (BUFx24_ASAP7_75t_R)
                                         clknet_4_1_0_tx_clk_regs (net)
                 17.97    0.78  126.72 ^ mac.tx_fifo.fifo_inst.rd_ptr_reg[2]$_SDFFE_PP0P_/CLK (DFFHQx4_ASAP7_75t_R)
    10   22.36   95.91  135.97  262.68 ^ mac.tx_fifo.fifo_inst.rd_ptr_reg[2]$_SDFFE_PP0P_/Q (DFFHQx4_ASAP7_75t_R)
                                         mac.tx_fifo.fifo_inst.rd_ptr_reg[2] (net)
                 96.07    2.64  265.32 ^ _4959_/A (XNOR2x2_ASAP7_75t_R)
     1    0.65   16.40   48.92  314.24 ^ _4959_/Y (XNOR2x2_ASAP7_75t_R)
                                         _1448_ (net)
                 16.40    0.06  314.30 ^ _4960_/D (AND4x1_ASAP7_75t_R)
     1    0.81   23.80   46.53  360.82 ^ _4960_/Y (AND4x1_ASAP7_75t_R)
                                         _1449_ (net)
                 23.81    0.09  360.91 ^ _4961_/D (AND4x1_ASAP7_75t_R)
     1    0.81   23.86   47.88  408.79 ^ _4961_/Y (AND4x1_ASAP7_75t_R)
                                         _1450_ (net)
                 23.86    0.10  408.89 ^ _4971_/A (AND4x1_ASAP7_75t_R)
     6    4.02   69.82   68.71  477.60 ^ _4971_/Y (AND4x1_ASAP7_75t_R)
                                         _1459_ (net)
                 69.82    0.36  477.97 ^ _4975_/A (NOR2x1_ASAP7_75t_R)
    14   10.36  121.75   82.88  560.84 v _4975_/Y (NOR2x1_ASAP7_75t_R)
                                         _1462_ (net)
                121.81    1.65  562.50 v place624/A (BUFx2_ASAP7_75t_R)
    14   11.19   69.53   84.48  646.98 v place624/Y (BUFx2_ASAP7_75t_R)
                                         net623 (net)
                 69.90    2.88  649.86 v _4976_/B (AND2x2_ASAP7_75t_R)
     2    1.55   17.66   49.57  699.43 v _4976_/Y (AND2x2_ASAP7_75t_R)
                                         _1463_ (net)
                 17.66    0.10  699.53 v _4978_/B (AND3x1_ASAP7_75t_R)
     1    0.94   16.25   27.02  726.55 v _4978_/Y (AND3x1_ASAP7_75t_R)
                                         _1465_ (net)
                 16.25    0.07  726.62 v _4979_/B (XOR2x2_ASAP7_75t_R)
     1    0.55   13.81   48.26  774.88 ^ _4979_/Y (XOR2x2_ASAP7_75t_R)
                                         _1466_ (net)
                 13.81    0.04  774.92 ^ _4980_/B (AND2x2_ASAP7_75t_R)
     1    0.56   15.80   27.38  802.30 ^ _4980_/Y (AND2x2_ASAP7_75t_R)
                                         _0935_ (net)
                 15.80    0.04  802.34 ^ mac.tx_fifo.fifo_inst.rd_ptr_reg[12]$_SDFFE_PP0P_/D (DFFHQx4_ASAP7_75t_R)
                                802.34   data arrival time

                       1000.00 1000.00   clock tx_clk_clock (rise edge)
                          0.00 1000.00   clock source latency
     2    6.96    0.00    0.00 1000.00 ^ tx_clk (in)
                                         tx_clk (net)
                  5.90    1.86 1001.86 ^ clkbuf_regs_1_tx_clk_clock/A (BUFx24_ASAP7_75t_R)
     1    1.67   12.45   27.92 1029.79 ^ clkbuf_regs_1_tx_clk_clock/Y (BUFx24_ASAP7_75t_R)
                                         tx_clk_regs (net)
                 12.45    0.15 1029.93 ^ clkbuf_0_tx_clk_regs/A (BUFx24_ASAP7_75t_R)
    16   32.74   37.87   39.24 1069.17 ^ clkbuf_0_tx_clk_regs/Y (BUFx24_ASAP7_75t_R)
                                         clknet_0_tx_clk_regs (net)
                 40.58    5.37 1074.54 ^ clkbuf_4_4_0_tx_clk_regs/A (BUFx24_ASAP7_75t_R)
     8    5.61   15.47   42.17 1116.71 ^ clkbuf_4_4_0_tx_clk_regs/Y (BUFx24_ASAP7_75t_R)
                                         clknet_4_4_0_tx_clk_regs (net)
                 15.48    0.41 1117.12 ^ mac.tx_fifo.fifo_inst.rd_ptr_reg[12]$_SDFFE_PP0P_/CLK (DFFHQx4_ASAP7_75t_R)
                          3.67 1120.79   clock reconvergence pessimism
                        -15.20 1105.59   library setup time
                               1105.59   data required time
-----------------------------------------------------------------------------
                               1105.59   data required time
                               -802.34   data arrival time
-----------------------------------------------------------------------------
                                303.25   slack (MET)



==========================================================================
finish report_check_types -max_slew -max_cap -max_fanout -violators
--------------------------------------------------------------------------

==========================================================================
finish max_slew_check_slack
--------------------------------------------------------------------------
21.520702362060547

==========================================================================
finish max_slew_check_limit
--------------------------------------------------------------------------
320.0

==========================================================================
finish max_slew_check_slack_limit
--------------------------------------------------------------------------
0.0673

==========================================================================
finish max_fanout_check_slack
--------------------------------------------------------------------------
1.0000000150474662e+30

==========================================================================
finish max_fanout_check_limit
--------------------------------------------------------------------------
1.0000000150474662e+30

==========================================================================
finish max_capacitance_check_slack
--------------------------------------------------------------------------
14.824143409729004

==========================================================================
finish max_capacitance_check_limit
--------------------------------------------------------------------------
23.040000915527344

==========================================================================
finish max_capacitance_check_slack_limit
--------------------------------------------------------------------------
0.6434

==========================================================================
finish max_slew_violation_count
--------------------------------------------------------------------------
max slew violation count 0

==========================================================================
finish max_fanout_violation_count
--------------------------------------------------------------------------
max fanout violation count 0

==========================================================================
finish max_cap_violation_count
--------------------------------------------------------------------------
max cap violation count 0

==========================================================================
finish setup_violation_count
--------------------------------------------------------------------------
setup violation count 0

==========================================================================
finish hold_violation_count
--------------------------------------------------------------------------
hold violation count 0

==========================================================================
finish report_checks -path_delay max reg to reg
--------------------------------------------------------------------------
Startpoint: mac.tx_fifo.fifo_inst.wr_ptr_reg[3]$_SDFFE_PP0P_
            (rising edge-triggered flip-flop clocked by logic_clk_clock)
Endpoint: mac.tx_fifo.fifo_inst.mem.0.0
          (rising edge-triggered flip-flop clocked by logic_clk_clock)
Path Group: logic_clk_clock
Path Type: max

  Delay    Time   Description
---------------------------------------------------------
   0.00    0.00   clock logic_clk_clock (rise edge)
   0.00    0.00   clock source latency
   0.00    0.00 ^ logic_clk (in)
  55.49   55.49 ^ clkbuf_regs_0_logic_clk_clock/Y (BUFx24_ASAP7_75t_R)
  33.69   89.18 ^ clkbuf_0_logic_clk_regs/Y (BUFx24_ASAP7_75t_R)
  38.42  127.60 ^ clkbuf_1_1_0_logic_clk_regs/Y (BUFx24_ASAP7_75t_R)
  89.16  216.76 ^ clkbuf_leaf_3_logic_clk_regs/Y (BUFx24_ASAP7_75t_R)
   0.97  217.73 ^ mac.tx_fifo.fifo_inst.wr_ptr_reg[3]$_SDFFE_PP0P_/CLK (DFFHQx4_ASAP7_75t_R)
 134.41  352.14 ^ mac.tx_fifo.fifo_inst.wr_ptr_reg[3]$_SDFFE_PP0P_/Q (DFFHQx4_ASAP7_75t_R)
  44.74  396.87 ^ _3656_/Y (XNOR2x1_ASAP7_75t_R)
  67.40  464.28 ^ _3667_/Y (AND5x1_ASAP7_75t_R)
  49.25  513.52 ^ _3678_/Y (AND3x4_ASAP7_75t_R)
  16.58  530.11 v _3690_/Y (INVx2_ASAP7_75t_R)
  80.87  610.97 ^ _3900_/Y (AOI211x1_ASAP7_75t_R)
  54.26  665.23 ^ _3923_/Y (AND2x2_ASAP7_75t_R)
  38.63  703.86 ^ place613/Y (BUFx5_ASAP7_75t_R)
  64.71  768.56 ^ place612/Y (BUFx2_ASAP7_75t_R)
 123.61  892.18 ^ place611/Y (BUFx2_ASAP7_75t_R)
  83.88  976.05 ^ place610/Y (BUFx6f_ASAP7_75t_R)
   9.93  985.98 ^ mac.tx_fifo.fifo_inst.mem.0.0/w_mask_in_A[0] (fakeram7_tdp_4096x32)
         985.98   data arrival time

1000.00 1000.00   clock logic_clk_clock (rise edge)
   0.00 1000.00   clock source latency
   0.00 1000.00 ^ logic_clk (in)
  30.93 1030.93 ^ delaybuf_0_logic_clk_clock/Y (BUFx24_ASAP7_75t_R)
  31.56 1062.49 ^ delaybuf_1_logic_clk_clock/Y (BUFx24_ASAP7_75t_R)
  31.55 1094.04 ^ delaybuf_2_logic_clk_clock/Y (BUFx24_ASAP7_75t_R)
  31.56 1125.60 ^ delaybuf_3_logic_clk_clock/Y (BUFx24_ASAP7_75t_R)
  31.62 1157.22 ^ delaybuf_4_logic_clk_clock/Y (BUFx24_ASAP7_75t_R)
  32.94 1190.16 ^ clkbuf_0_logic_clk/Y (BUFx24_ASAP7_75t_R)
  37.66 1227.82 ^ clkbuf_1_0__f_logic_clk/Y (BUFx24_ASAP7_75t_R)
  12.65 1240.47 ^ mac.tx_fifo.fifo_inst.mem.0.0/clk_A (fakeram7_tdp_4096x32)
   0.00 1240.47   clock reconvergence pessimism
 -50.00 1190.47   library setup time
        1190.47   data required time
---------------------------------------------------------
        1190.47   data required time
        -985.98   data arrival time
---------------------------------------------------------
         204.49   slack (MET)


Startpoint: mac.rx_fifo.fifo_inst.wr_ptr_reg[1]$_SDFFE_PP0P_
            (rising edge-triggered flip-flop clocked by rx_clk_clock)
Endpoint: mac.rx_fifo.fifo_inst.mem.0.0
          (rising edge-triggered flip-flop clocked by rx_clk_clock)
Path Group: rx_clk_clock
Path Type: max

  Delay    Time   Description
---------------------------------------------------------
   0.00    0.00   clock rx_clk_clock (rise edge)
   0.00    0.00   clock source latency
   0.00    0.00 ^ rx_clk (in)
  67.52   67.52 ^ clkbuf_regs_2_rx_clk_clock/Y (BUFx24_ASAP7_75t_R)
  32.91  100.43 ^ clkbuf_0_rx_clk_regs/Y (BUFx24_ASAP7_75t_R)
  36.24  136.67 ^ clkbuf_1_0_0_rx_clk_regs/Y (BUFx24_ASAP7_75t_R)
  34.09  170.76 ^ wire710/Y (BUFx24_ASAP7_75t_R)
  98.85  269.61 ^ clkbuf_leaf_12_rx_clk_regs/Y (BUFx24_ASAP7_75t_R)
   1.68  271.30 ^ mac.rx_fifo.fifo_inst.wr_ptr_reg[1]$_SDFFE_PP0P_/CLK (DFFHQx4_ASAP7_75t_R)
 134.09  405.39 ^ mac.rx_fifo.fifo_inst.wr_ptr_reg[1]$_SDFFE_PP0P_/Q (DFFHQx4_ASAP7_75t_R)
  53.39  458.78 ^ _5053_/Y (XNOR2x2_ASAP7_75t_R)
  52.06  510.84 ^ _5056_/Y (AND4x1_ASAP7_75t_R)
  69.23  580.08 ^ _5057_/Y (AND5x1_ASAP7_75t_R)
  42.37  622.45 v _5066_/Y (AOI221x1_ASAP7_75t_R)
  47.66  670.11 v _5070_/Y (AND2x2_ASAP7_75t_R)
  45.91  716.02 v place622/Y (BUFx3_ASAP7_75t_R)
  92.50  808.51 v place620/Y (BUFx12f_ASAP7_75t_R)
  80.17  888.69 v place619/Y (BUFx6f_ASAP7_75t_R)
 151.33 1040.02 v place617/Y (BUFx6f_ASAP7_75t_R)
  12.44 1052.46 v mac.rx_fifo.fifo_inst.mem.0.0/w_mask_in_A[0] (fakeram7_tdp_4096x32)
        1052.46   data arrival time

1000.00 1000.00   clock rx_clk_clock (rise edge)
   0.00 1000.00   clock source latency
   0.00 1000.00 ^ rx_clk (in)
  35.95 1035.95 ^ delaybuf_0_rx_clk_clock/Y (BUFx24_ASAP7_75t_R)
  31.93 1067.88 ^ delaybuf_1_rx_clk_clock/Y (BUFx24_ASAP7_75t_R)
  31.91 1099.79 ^ delaybuf_2_rx_clk_clock/Y (BUFx24_ASAP7_75t_R)
  31.86 1131.65 ^ delaybuf_3_rx_clk_clock/Y (BUFx24_ASAP7_75t_R)
  31.89 1163.54 ^ delaybuf_4_rx_clk_clock/Y (BUFx24_ASAP7_75t_R)
  31.90 1195.43 ^ delaybuf_5_rx_clk_clock/Y (BUFx24_ASAP7_75t_R)
  31.33 1226.77 ^ clkbuf_0_rx_clk/Y (BUFx24_ASAP7_75t_R)
  37.89 1264.65 ^ clkbuf_1_0__f_rx_clk/Y (BUFx24_ASAP7_75t_R)
   2.90 1267.55 ^ mac.rx_fifo.fifo_inst.mem.0.0/clk_A (fakeram7_tdp_4096x32)
   0.00 1267.55   clock reconvergence pessimism
 -50.00 1217.55   library setup time
        1217.55   data required time
---------------------------------------------------------
        1217.55   data required time
        -1052.46   data arrival time
---------------------------------------------------------
         165.09   slack (MET)


Startpoint: mac.tx_fifo.fifo_inst.rd_ptr_reg[2]$_SDFFE_PP0P_
            (rising edge-triggered flip-flop clocked by tx_clk_clock)
Endpoint: mac.tx_fifo.fifo_inst.rd_ptr_reg[12]$_SDFFE_PP0P_
          (rising edge-triggered flip-flop clocked by tx_clk_clock)
Path Group: tx_clk_clock
Path Type: max

  Delay    Time   Description
---------------------------------------------------------
   0.00    0.00   clock tx_clk_clock (rise edge)
   0.00    0.00   clock source latency
   0.00    0.00 ^ tx_clk (in)
  30.91   30.91 ^ clkbuf_regs_1_tx_clk_clock/Y (BUFx24_ASAP7_75t_R)
  41.93   72.84 ^ clkbuf_0_tx_clk_regs/Y (BUFx24_ASAP7_75t_R)
  53.10  125.94 ^ clkbuf_4_1_0_tx_clk_regs/Y (BUFx24_ASAP7_75t_R)
   0.78  126.72 ^ mac.tx_fifo.fifo_inst.rd_ptr_reg[2]$_SDFFE_PP0P_/CLK (DFFHQx4_ASAP7_75t_R)
 135.97  262.68 ^ mac.tx_fifo.fifo_inst.rd_ptr_reg[2]$_SDFFE_PP0P_/Q (DFFHQx4_ASAP7_75t_R)
  51.56  314.24 ^ _4959_/Y (XNOR2x2_ASAP7_75t_R)
  46.58  360.82 ^ _4960_/Y (AND4x1_ASAP7_75t_R)
  47.97  408.79 ^ _4961_/Y (AND4x1_ASAP7_75t_R)
  68.81  477.60 ^ _4971_/Y (AND4x1_ASAP7_75t_R)
  83.24  560.84 v _4975_/Y (NOR2x1_ASAP7_75t_R)
  86.13  646.98 v place624/Y (BUFx2_ASAP7_75t_R)
  52.45  699.43 v _4976_/Y (AND2x2_ASAP7_75t_R)
  27.12  726.55 v _4978_/Y (AND3x1_ASAP7_75t_R)
  48.33  774.88 ^ _4979_/Y (XOR2x2_ASAP7_75t_R)
  27.42  802.30 ^ _4980_/Y (AND2x2_ASAP7_75t_R)
   0.04  802.34 ^ mac.tx_fifo.fifo_inst.rd_ptr_reg[12]$_SDFFE_PP0P_/D (DFFHQx4_ASAP7_75t_R)
         802.34   data arrival time

1000.00 1000.00   clock tx_clk_clock (rise edge)
   0.00 1000.00   clock source latency
   0.00 1000.00 ^ tx_clk (in)
  29.79 1029.79 ^ clkbuf_regs_1_tx_clk_clock/Y (BUFx24_ASAP7_75t_R)
  39.39 1069.17 ^ clkbuf_0_tx_clk_regs/Y (BUFx24_ASAP7_75t_R)
  47.54 1116.71 ^ clkbuf_4_4_0_tx_clk_regs/Y (BUFx24_ASAP7_75t_R)
   0.41 1117.12 ^ mac.tx_fifo.fifo_inst.rd_ptr_reg[12]$_SDFFE_PP0P_/CLK (DFFHQx4_ASAP7_75t_R)
   3.67 1120.79   clock reconvergence pessimism
 -15.20 1105.59   library setup time
        1105.59   data required time
---------------------------------------------------------
        1105.59   data required time
        -802.34   data arrival time
---------------------------------------------------------
         303.25   slack (MET)



==========================================================================
finish report_checks -path_delay min reg to reg
--------------------------------------------------------------------------
Startpoint: mac.tx_fifo.fifo_inst.wr_ptr_reg[6]$_SDFFE_PP0P_
            (rising edge-triggered flip-flop clocked by logic_clk_clock)
Endpoint: mac.tx_fifo.fifo_inst.mem.0.0
          (rising edge-triggered flip-flop clocked by logic_clk_clock)
Path Group: logic_clk_clock
Path Type: min

  Delay    Time   Description
---------------------------------------------------------
   0.00    0.00   clock logic_clk_clock (rise edge)
   0.00    0.00   clock source latency
   0.00    0.00 ^ logic_clk (in)
  53.48   53.48 ^ clkbuf_regs_0_logic_clk_clock/Y (BUFx24_ASAP7_75t_R)
  33.10   86.58 ^ clkbuf_0_logic_clk_regs/Y (BUFx24_ASAP7_75t_R)
  37.52  124.10 ^ clkbuf_1_1_0_logic_clk_regs/Y (BUFx24_ASAP7_75t_R)
  81.00  205.10 ^ clkbuf_leaf_12_logic_clk_regs/Y (BUFx24_ASAP7_75t_R)
   0.81  205.92 ^ mac.tx_fifo.fifo_inst.wr_ptr_reg[6]$_SDFFE_PP0P_/CLK (DFFHQx4_ASAP7_75t_R)
 109.86  315.77 v mac.tx_fifo.fifo_inst.wr_ptr_reg[6]$_SDFFE_PP0P_/Q (DFFHQx4_ASAP7_75t_R)
   5.21  320.99 v mac.tx_fifo.fifo_inst.mem.0.0/addr_in_A[6] (fakeram7_tdp_4096x32)
         320.99   data arrival time

   0.00    0.00   clock logic_clk_clock (rise edge)
   0.00    0.00   clock source latency
   0.00    0.00 ^ logic_clk (in)
  31.54   31.54 ^ delaybuf_0_logic_clk_clock/Y (BUFx24_ASAP7_75t_R)
  32.07   63.60 ^ delaybuf_1_logic_clk_clock/Y (BUFx24_ASAP7_75t_R)
  32.07   95.67 ^ delaybuf_2_logic_clk_clock/Y (BUFx24_ASAP7_75t_R)
  32.06  127.73 ^ delaybuf_3_logic_clk_clock/Y (BUFx24_ASAP7_75t_R)
  32.14  159.87 ^ delaybuf_4_logic_clk_clock/Y (BUFx24_ASAP7_75t_R)
  33.59  193.46 ^ clkbuf_0_logic_clk/Y (BUFx24_ASAP7_75t_R)
  38.34  231.81 ^ clkbuf_1_0__f_logic_clk/Y (BUFx24_ASAP7_75t_R)
  12.65  244.46 ^ mac.tx_fifo.fifo_inst.mem.0.0/clk_A (fakeram7_tdp_4096x32)
   0.00  244.46   clock reconvergence pessimism
  50.00  294.46   library hold time
         294.46   data required time
---------------------------------------------------------
         294.46   data required time
        -320.99   data arrival time
---------------------------------------------------------
          26.53   slack (MET)


Startpoint: mac.eth_mac_1g_inst.axis_gmii_rx_inst.m_axis_tlast_reg$_SDFF_PN0_
            (rising edge-triggered flip-flop clocked by rx_clk_clock)
Endpoint: mac.rx_fifo.fifo_inst.mem.0.0
          (rising edge-triggered flip-flop clocked by rx_clk_clock)
Path Group: rx_clk_clock
Path Type: min

  Delay    Time   Description
---------------------------------------------------------
   0.00    0.00   clock rx_clk_clock (rise edge)
   0.00    0.00   clock source latency
   0.00    0.00 ^ rx_clk (in)
  65.09   65.09 ^ clkbuf_regs_2_rx_clk_clock/Y (BUFx24_ASAP7_75t_R)
  32.39   97.47 ^ clkbuf_0_rx_clk_regs/Y (BUFx24_ASAP7_75t_R)
  41.00  138.47 ^ clkbuf_1_1_0_rx_clk_regs/Y (BUFx24_ASAP7_75t_R)
  77.42  215.90 ^ clkbuf_leaf_2_rx_clk_regs/Y (BUFx24_ASAP7_75t_R)
   1.07  216.96 ^ mac.eth_mac_1g_inst.axis_gmii_rx_inst.m_axis_tlast_reg$_SDFF_PN0_/CLK (DFFHQx4_ASAP7_75t_R)
 114.81  331.77 v mac.eth_mac_1g_inst.axis_gmii_rx_inst.m_axis_tlast_reg$_SDFF_PN0_/Q (DFFHQx4_ASAP7_75t_R)
  20.70  352.47 v mac.rx_fifo.fifo_inst.mem.0.0/wd_in_A[8] (fakeram7_tdp_4096x32)
         352.47   data arrival time

   0.00    0.00   clock rx_clk_clock (rise edge)
   0.00    0.00   clock source latency
   0.00    0.00 ^ rx_clk (in)
  36.72   36.72 ^ delaybuf_0_rx_clk_clock/Y (BUFx24_ASAP7_75t_R)
  32.46   69.19 ^ delaybuf_1_rx_clk_clock/Y (BUFx24_ASAP7_75t_R)
  32.45  101.64 ^ delaybuf_2_rx_clk_clock/Y (BUFx24_ASAP7_75t_R)
  32.39  134.03 ^ delaybuf_3_rx_clk_clock/Y (BUFx24_ASAP7_75t_R)
  32.42  166.45 ^ delaybuf_4_rx_clk_clock/Y (BUFx24_ASAP7_75t_R)
  32.44  198.89 ^ delaybuf_5_rx_clk_clock/Y (BUFx24_ASAP7_75t_R)
  31.87  230.76 ^ clkbuf_0_rx_clk/Y (BUFx24_ASAP7_75t_R)
  38.10  268.86 ^ clkbuf_1_0__f_rx_clk/Y (BUFx24_ASAP7_75t_R)
   2.90  271.76 ^ mac.rx_fifo.fifo_inst.mem.0.0/clk_A (fakeram7_tdp_4096x32)
   0.00  271.76   clock reconvergence pessimism
  50.00  321.76   library hold time
         321.76   data required time
---------------------------------------------------------
         321.76   data required time
        -352.47   data arrival time
---------------------------------------------------------
          30.71   slack (MET)


Startpoint: mac.tx_fifo.fifo_inst.m_rst_sync2_reg$_DFF_P_
            (rising edge-triggered flip-flop clocked by tx_clk_clock)
Endpoint: mac.tx_fifo.fifo_inst.m_rst_sync3_reg$_DFF_P_
          (rising edge-triggered flip-flop clocked by tx_clk_clock)
Path Group: tx_clk_clock
Path Type: min

  Delay    Time   Description
---------------------------------------------------------
   0.00    0.00   clock tx_clk_clock (rise edge)
   0.00    0.00   clock source latency
   0.00    0.00 ^ tx_clk (in)
  29.79   29.79 ^ clkbuf_regs_1_tx_clk_clock/Y (BUFx24_ASAP7_75t_R)
  39.39   69.17 ^ clkbuf_0_tx_clk_regs/Y (BUFx24_ASAP7_75t_R)
  47.54  116.71 ^ clkbuf_4_4_0_tx_clk_regs/Y (BUFx24_ASAP7_75t_R)
   0.18  116.89 ^ mac.tx_fifo.fifo_inst.m_rst_sync2_reg$_DFF_P_/CLK (DFFHQx4_ASAP7_75t_R)
  95.43  212.32 v mac.tx_fifo.fifo_inst.m_rst_sync2_reg$_DFF_P_/Q (DFFHQx4_ASAP7_75t_R)
   0.17  212.49 v mac.tx_fifo.fifo_inst.m_rst_sync3_reg$_DFF_P_/D (DFFHQx4_ASAP7_75t_R)
         212.49   data arrival time

   0.00    0.00   clock tx_clk_clock (rise edge)
   0.00    0.00   clock source latency
   0.00    0.00 ^ tx_clk (in)
  30.91   30.91 ^ clkbuf_regs_1_tx_clk_clock/Y (BUFx24_ASAP7_75t_R)
  41.93   72.84 ^ clkbuf_0_tx_clk_regs/Y (BUFx24_ASAP7_75t_R)
  51.63  124.46 ^ clkbuf_4_5_0_tx_clk_regs/Y (BUFx24_ASAP7_75t_R)
   0.68  125.14 ^ mac.tx_fifo.fifo_inst.m_rst_sync3_reg$_DFF_P_/CLK (DFFHQx4_ASAP7_75t_R)
  -3.67  121.48   clock reconvergence pessimism
  20.52  141.99   library hold time
         141.99   data required time
---------------------------------------------------------
         141.99   data required time
        -212.49   data arrival time
---------------------------------------------------------
          70.50   slack (MET)



==========================================================================
finish critical path target clock latency max path
--------------------------------------------------------------------------
218.3469

==========================================================================
finish critical path target clock latency min path
--------------------------------------------------------------------------
244.4600

==========================================================================
finish critical path source clock latency min path
--------------------------------------------------------------------------
0.0000

==========================================================================
finish critical path delay
--------------------------------------------------------------------------
1052.4618

==========================================================================
finish critical path slack
--------------------------------------------------------------------------
165.0929

==========================================================================
finish slack div critical path delay
--------------------------------------------------------------------------
15.686356

==========================================================================
finish report_power
--------------------------------------------------------------------------
Group                  Internal  Switching    Leakage      Total
                          Power      Power      Power      Power (Watts)
----------------------------------------------------------------
Sequential             6.02e-04   6.36e-06   4.21e-06   6.12e-04   4.8%
Combinational          4.37e-05   5.97e-05   5.54e-06   1.09e-04   0.8%
Clock                  7.35e-04   3.87e-04   9.69e-07   1.12e-03   8.7%
Macro                  1.08e-02   0.00e+00   2.58e-04   1.10e-02  85.7%
Pad                    0.00e+00   0.00e+00   0.00e+00   0.00e+00   0.0%
----------------------------------------------------------------
Total                  1.21e-02   4.53e-04   2.69e-04   1.29e-02 100.0%
                          94.4%       3.5%       2.1%
